{
    "data": {
        "record": {
            "dateTime": "2020-11-05T12:33:45+11:12"
        }
    }
}