{
    "data": {
        "record": {
            "email": "test@test.com"
        }
    }
}