{
    "data": {
        "record": {
            "price": "1999"
        }
    }
}