{
    "data": {
        "record": {
            "url": "http:\/\/www.google.com\/another\/path"
        }
    }
}