{
    "data": {
        "record": {
            "id": "3716cda3-81dd-4297-952a-38ef744218bb"
        }
    }
}